// Jest Snapshot v1, https://goo.gl/fbAQLP

exports[`Link renders correctly 1`] = `
<div
  className="styles__Wrapper-sc-1i4chxj-0 jXlEAF"
>
  <div
    className="styles__ContainerStyle-sc-f8jz92-0 epgcrw"
  >
    <div
      className="styles__SkillStyle-sc-1i4chxj-1 gXLctI"
    >
      <div
        className="styles__BoxText-sc-1i4chxj-2 whshr"
      >
        <div
          className="styles__BoxTitle-sc-1i4chxj-3 fXJfAP"
        >
          <p
            className="styles__TextStyle-sc-1u5rut5-0 bmNqMK"
            color="white"
            fontSize="20px"
          >
            Habilidades
          </p>
        </div>
        <div>
          <p
            className="styles__TextStyle-sc-1u5rut5-0 hHFtEr"
            color="white"
            fontSize="16px"
          >
            As habilidades, ferramentas e tecnologias nas quais sou bom:
          </p>
        </div>
      </div>
      <div
        className="styles__BoxSkillSItems-sc-1i4chxj-4 cvaLkH"
      >
        <div
          className="styles__BoxSkill-sc-1i4chxj-5 jGKZMd"
        >
          <img
            alt=""
            data-nimg="1"
            decoding="async"
            height={40}
            loading="lazy"
            onError={[Function]}
            onLoad={[Function]}
            src="/_next/image?url=%2Fimg%2FNext.js.png&w=96&q=75"
            srcSet="/_next/image?url=%2Fimg%2FNext.js.png&w=48&q=75 1x, /_next/image?url=%2Fimg%2FNext.js.png&w=96&q=75 2x"
            style={
              {
                "color": "transparent",
              }
            }
            width={40}
          />
          <p
            className="styles__TextStyle-sc-1u5rut5-0 hHFtEr"
            color="white"
            fontSize="16px"
          >
            Next.js
          </p>
        </div>
        <div
          className="styles__BoxSkill-sc-1i4chxj-5 jGKZMd"
        >
          <img
            alt=""
            data-nimg="1"
            decoding="async"
            height={40}
            loading="lazy"
            onError={[Function]}
            onLoad={[Function]}
            src="/_next/image?url=%2Fimg%2FReact.js.png&w=96&q=75"
            srcSet="/_next/image?url=%2Fimg%2FReact.js.png&w=48&q=75 1x, /_next/image?url=%2Fimg%2FReact.js.png&w=96&q=75 2x"
            style={
              {
                "color": "transparent",
              }
            }
            width={40}
          />
          <p
            className="styles__TextStyle-sc-1u5rut5-0 hHFtEr"
            color="white"
            fontSize="16px"
          >
            React.js
          </p>
        </div>
        <div
          className="styles__BoxSkill-sc-1i4chxj-5 jGKZMd"
        >
          <img
            alt=""
            data-nimg="1"
            decoding="async"
            height={40}
            loading="lazy"
            onError={[Function]}
            onLoad={[Function]}
            src="/_next/image?url=%2Fimg%2FJavaScript.png&w=96&q=75"
            srcSet="/_next/image?url=%2Fimg%2FJavaScript.png&w=48&q=75 1x, /_next/image?url=%2Fimg%2FJavaScript.png&w=96&q=75 2x"
            style={
              {
                "color": "transparent",
              }
            }
            width={40}
          />
          <p
            className="styles__TextStyle-sc-1u5rut5-0 hHFtEr"
            color="white"
            fontSize="16px"
          >
            JavaScript
          </p>
        </div>
        <div
          className="styles__BoxSkill-sc-1i4chxj-5 jGKZMd"
        >
          <img
            alt=""
            data-nimg="1"
            decoding="async"
            height={40}
            loading="lazy"
            onError={[Function]}
            onLoad={[Function]}
            src="/_next/image?url=%2Fimg%2FStorybook.png&w=96&q=75"
            srcSet="/_next/image?url=%2Fimg%2FStorybook.png&w=48&q=75 1x, /_next/image?url=%2Fimg%2FStorybook.png&w=96&q=75 2x"
            style={
              {
                "color": "transparent",
              }
            }
            width={40}
          />
          <p
            className="styles__TextStyle-sc-1u5rut5-0 hHFtEr"
            color="white"
            fontSize="16px"
          >
            Storybook
          </p>
        </div>
        <div
          className="styles__BoxSkill-sc-1i4chxj-5 jGKZMd"
        >
          <img
            alt=""
            data-nimg="1"
            decoding="async"
            height={40}
            loading="lazy"
            onError={[Function]}
            onLoad={[Function]}
            src="/_next/image?url=%2Fimg%2FFirebase.png&w=96&q=75"
            srcSet="/_next/image?url=%2Fimg%2FFirebase.png&w=48&q=75 1x, /_next/image?url=%2Fimg%2FFirebase.png&w=96&q=75 2x"
            style={
              {
                "color": "transparent",
              }
            }
            width={40}
          />
          <p
            className="styles__TextStyle-sc-1u5rut5-0 hHFtEr"
            color="white"
            fontSize="16px"
          >
            Firebase
          </p>
        </div>
        <div
          className="styles__BoxSkill-sc-1i4chxj-5 jGKZMd"
        >
          <img
            alt=""
            data-nimg="1"
            decoding="async"
            height={40}
            loading="lazy"
            onError={[Function]}
            onLoad={[Function]}
            src="/_next/image?url=%2Fimg%2FStyled-components.png&w=96&q=75"
            srcSet="/_next/image?url=%2Fimg%2FStyled-components.png&w=48&q=75 1x, /_next/image?url=%2Fimg%2FStyled-components.png&w=96&q=75 2x"
            style={
              {
                "color": "transparent",
              }
            }
            width={40}
          />
          <p
            className="styles__TextStyle-sc-1u5rut5-0 hHFtEr"
            color="white"
            fontSize="16px"
          >
            Styled-components
          </p>
        </div>
        <div
          className="styles__BoxSkill-sc-1i4chxj-5 jGKZMd"
        >
          <img
            alt=""
            data-nimg="1"
            decoding="async"
            height={40}
            loading="lazy"
            onError={[Function]}
            onLoad={[Function]}
            src="/_next/image?url=%2Fimg%2FHTML.png&w=96&q=75"
            srcSet="/_next/image?url=%2Fimg%2FHTML.png&w=48&q=75 1x, /_next/image?url=%2Fimg%2FHTML.png&w=96&q=75 2x"
            style={
              {
                "color": "transparent",
              }
            }
            width={40}
          />
          <p
            className="styles__TextStyle-sc-1u5rut5-0 hHFtEr"
            color="white"
            fontSize="16px"
          >
            HTML
          </p>
        </div>
        <div
          className="styles__BoxSkill-sc-1i4chxj-5 jGKZMd"
        >
          <img
            alt=""
            data-nimg="1"
            decoding="async"
            height={40}
            loading="lazy"
            onError={[Function]}
            onLoad={[Function]}
            src="/_next/image?url=%2Fimg%2FCSS.png&w=96&q=75"
            srcSet="/_next/image?url=%2Fimg%2FCSS.png&w=48&q=75 1x, /_next/image?url=%2Fimg%2FCSS.png&w=96&q=75 2x"
            style={
              {
                "color": "transparent",
              }
            }
            width={40}
          />
          <p
            className="styles__TextStyle-sc-1u5rut5-0 hHFtEr"
            color="white"
            fontSize="16px"
          >
            CSS
          </p>
        </div>
        <div
          className="styles__BoxSkill-sc-1i4chxj-5 jGKZMd"
        >
          <img
            alt=""
            data-nimg="1"
            decoding="async"
            height={40}
            loading="lazy"
            onError={[Function]}
            onLoad={[Function]}
            src="/_next/image?url=%2Fimg%2FJest.png&w=96&q=75"
            srcSet="/_next/image?url=%2Fimg%2FJest.png&w=48&q=75 1x, /_next/image?url=%2Fimg%2FJest.png&w=96&q=75 2x"
            style={
              {
                "color": "transparent",
              }
            }
            width={40}
          />
          <p
            className="styles__TextStyle-sc-1u5rut5-0 hHFtEr"
            color="white"
            fontSize="16px"
          >
            Jest
          </p>
        </div>
        <div
          className="styles__BoxSkill-sc-1i4chxj-5 jGKZMd"
        >
          <img
            alt=""
            data-nimg="1"
            decoding="async"
            height={40}
            loading="lazy"
            onError={[Function]}
            onLoad={[Function]}
            src="/_next/image?url=%2Fimg%2FSASS.png&w=96&q=75"
            srcSet="/_next/image?url=%2Fimg%2FSASS.png&w=48&q=75 1x, /_next/image?url=%2Fimg%2FSASS.png&w=96&q=75 2x"
            style={
              {
                "color": "transparent",
              }
            }
            width={40}
          />
          <p
            className="styles__TextStyle-sc-1u5rut5-0 hHFtEr"
            color="white"
            fontSize="16px"
          >
            SASS
          </p>
        </div>
        <div
          className="styles__BoxSkill-sc-1i4chxj-5 jGKZMd"
        >
          <img
            alt=""
            data-nimg="1"
            decoding="async"
            height={40}
            loading="lazy"
            onError={[Function]}
            onLoad={[Function]}
            src="/_next/image?url=%2Fimg%2FCypress.io.png&w=96&q=75"
            srcSet="/_next/image?url=%2Fimg%2FCypress.io.png&w=48&q=75 1x, /_next/image?url=%2Fimg%2FCypress.io.png&w=96&q=75 2x"
            style={
              {
                "color": "transparent",
              }
            }
            width={40}
          />
          <p
            className="styles__TextStyle-sc-1u5rut5-0 hHFtEr"
            color="white"
            fontSize="16px"
          >
            Cypress.io
          </p>
        </div>
        <div
          className="styles__BoxSkill-sc-1i4chxj-5 jGKZMd"
        >
          <img
            alt=""
            data-nimg="1"
            decoding="async"
            height={40}
            loading="lazy"
            onError={[Function]}
            onLoad={[Function]}
            src="/_next/image?url=%2Fimg%2FBootstrap.png&w=96&q=75"
            srcSet="/_next/image?url=%2Fimg%2FBootstrap.png&w=48&q=75 1x, /_next/image?url=%2Fimg%2FBootstrap.png&w=96&q=75 2x"
            style={
              {
                "color": "transparent",
              }
            }
            width={40}
          />
          <p
            className="styles__TextStyle-sc-1u5rut5-0 hHFtEr"
            color="white"
            fontSize="16px"
          >
            Bootstrap
          </p>
        </div>
        <div
          className="styles__BoxSkill-sc-1i4chxj-5 jGKZMd"
        >
          <img
            alt=""
            data-nimg="1"
            decoding="async"
            height={40}
            loading="lazy"
            onError={[Function]}
            onLoad={[Function]}
            src="/_next/image?url=%2Fimg%2FJQuery.png&w=96&q=75"
            srcSet="/_next/image?url=%2Fimg%2FJQuery.png&w=48&q=75 1x, /_next/image?url=%2Fimg%2FJQuery.png&w=96&q=75 2x"
            style={
              {
                "color": "transparent",
              }
            }
            width={40}
          />
          <p
            className="styles__TextStyle-sc-1u5rut5-0 hHFtEr"
            color="white"
            fontSize="16px"
          >
            JQuery
          </p>
        </div>
        <div
          className="styles__BoxSkill-sc-1i4chxj-5 jGKZMd"
        >
          <img
            alt=""
            data-nimg="1"
            decoding="async"
            height={40}
            loading="lazy"
            onError={[Function]}
            onLoad={[Function]}
            src="/_next/image?url=%2Fimg%2FPrettier.png&w=96&q=75"
            srcSet="/_next/image?url=%2Fimg%2FPrettier.png&w=48&q=75 1x, /_next/image?url=%2Fimg%2FPrettier.png&w=96&q=75 2x"
            style={
              {
                "color": "transparent",
              }
            }
            width={40}
          />
          <p
            className="styles__TextStyle-sc-1u5rut5-0 hHFtEr"
            color="white"
            fontSize="16px"
          >
            Prettier
          </p>
        </div>
        <div
          className="styles__BoxSkill-sc-1i4chxj-5 jGKZMd"
        >
          <img
            alt=""
            data-nimg="1"
            decoding="async"
            height={40}
            loading="lazy"
            onError={[Function]}
            onLoad={[Function]}
            src="/_next/image?url=%2Fimg%2FESLint.png&w=96&q=75"
            srcSet="/_next/image?url=%2Fimg%2FESLint.png&w=48&q=75 1x, /_next/image?url=%2Fimg%2FESLint.png&w=96&q=75 2x"
            style={
              {
                "color": "transparent",
              }
            }
            width={40}
          />
          <p
            className="styles__TextStyle-sc-1u5rut5-0 hHFtEr"
            color="white"
            fontSize="16px"
          >
            ESLint
          </p>
        </div>
      </div>
    </div>
  </div>
</div>
`;
