// Jest Snapshot v1, https://goo.gl/fbAQLP

exports[`Link renders correctly 1`] = `
<div
  className="styles__Wrapper-sc-1knqim6-0 hRCoMn"
>
  <div
    className="styles__ContainerStyle-sc-f8jz92-0 epgcrw"
  >
    <div
      className="styles__FactsStyle-sc-1knqim6-1 gZVzjk"
    >
      <div
        className="styles__BoxText-sc-1knqim6-2 bmwaBB"
      >
        <p
          className="styles__TextStyle-sc-1u5rut5-0 bmNqMK"
          color="white"
          fontSize="20px"
        >
          Minhas curiosidades
        </p>
      </div>
      <div
        className="styles__BoxFacts-sc-1knqim6-3 dXtrAw"
      >
        <div
          className="styles__BoxFact-sc-1knqim6-4 bqUag"
        >
          <p
            className="styles__TextStyle-sc-1u5rut5-0 coQOGk"
            color="#ABB2BF"
            fontSize="16px"
          >
            Gosto mais do inverno do que do verão
          </p>
        </div>
        <div
          className="styles__BoxFact-sc-1knqim6-4 bqUag"
        >
          <p
            className="styles__TextStyle-sc-1u5rut5-0 coQOGk"
            color="#ABB2BF"
            fontSize="16px"
          >
            Costumo jogar com meus amigos
          </p>
        </div>
        <div
          className="styles__BoxFact-sc-1knqim6-4 bqUag"
        >
          <p
            className="styles__TextStyle-sc-1u5rut5-0 coQOGk"
            color="#ABB2BF"
            fontSize="16px"
          >
            Minha comida preferida é pizza e batata frita
          </p>
        </div>
        <div
          className="styles__BoxFact-sc-1knqim6-4 bqUag"
        >
          <p
            className="styles__TextStyle-sc-1u5rut5-0 coQOGk"
            color="#ABB2BF"
            fontSize="16px"
          >
            Meu maior sonho é de viajar pelo mundo todo
          </p>
        </div>
        <div
          className="styles__BoxFact-sc-1knqim6-4 bqUag"
        >
          <p
            className="styles__TextStyle-sc-1u5rut5-0 coQOGk"
            color="#ABB2BF"
            fontSize="16px"
          >
            Amo estudar
          </p>
        </div>
        <div
          className="styles__BoxFact-sc-1knqim6-4 bqUag"
        >
          <p
            className="styles__TextStyle-sc-1u5rut5-0 coQOGk"
            color="#ABB2BF"
            fontSize="16px"
          >
            Apaixonado por leitura
          </p>
        </div>
      </div>
    </div>
  </div>
</div>
`;
