// Jest Snapshot v1, https://goo.gl/fbAQLP

exports[`Link renders correctly 1`] = `
<div
  className="sc-hKFymg fbGviZ"
>
  <div
    className="sc-dlniIP iETDvP"
  >
    <div
      className="sc-eCAqax iezzEG"
    >
      <div
        className="sc-jSFipO gNiRTJ"
      >
        <img
          alt=""
          data-nimg="1"
          decoding="async"
          height={500}
          loading="lazy"
          onError={[Function]}
          onLoad={[Function]}
          src="/_next/image?url=%2Fimg%2FProfile.png&w=828&q=75"
          srcSet="/_next/image?url=%2Fimg%2FProfile.png&w=640&q=75 1x, /_next/image?url=%2Fimg%2FProfile.png&w=828&q=75 2x"
          style={
            {
              "color": "transparent",
            }
          }
          width={400}
        />
        <div
          className="sc-iCoHzw hIDLYe"
        >
          <div
            className="sc-fujznN fietcP"
          >
            <div
              className="sc-gKAaef kQuwCR"
            >
              <p
                className="sc-bdnyFh iOsRes"
                color="white"
                fontSize="30px"
              >
                Ricardo é desenvolvedor front-end
              </p>
            </div>
            <div>
              <p
                className="sc-bdnyFh hmhpbH"
                color="#ABB2BF"
                fontSize="16px"
              >
                Ele cria sites responsivos onde a tecnologia encontra a criatividade
              </p>
            </div>
          </div>
          <div
            className="sc-pNWRh sWptQ"
          >
            <button
              background="transparent"
              border="1px solid #bb74ce"
              borderRadius="0px"
              className="sc-gtsqUy bnWdeU"
              color="white"
              fontSize="16px"
              padding="8px 16px"
              textDecoration="none"
            >
              Contact me!!
            </button>
          </div>
        </div>
      </div>
      <div>
        <div
          className="sc-jrsKJM hwKMUQ"
        >
          <p
            className="sc-bdnyFh iOtRRR"
            color="white"
            fontSize="24px"
          >
            “O importante é não parar de questionar; a curiosidade tem sua própria razão de existir” - Albert Einstein
          </p>
        </div>
      </div>
    </div>
  </div>
</div>
`;
