// Jest Snapshot v1, https://goo.gl/fbAQLP

exports[`Link renders correctly 1`] = `
<div
  className="sc-eCAqax hlolLg"
>
  <div
    className="sc-hKFymg hqyWhr"
  >
    <div
      className="sc-jSFipO dWNOBs"
    >
      <div
        className="sc-gKAaef cGUpuX"
      >
        <div
          className="sc-gtsqUy jAAjrt"
        >
          <img
            alt=""
            data-nimg="1"
            decoding="async"
            height={500}
            loading="lazy"
            onError={[Function]}
            onLoad={[Function]}
            src="/_next/image?url=%2Fimg%2FProfile.png&w=828&q=75"
            srcSet="/_next/image?url=%2Fimg%2FProfile.png&w=640&q=75 1x, /_next/image?url=%2Fimg%2FProfile.png&w=828&q=75 2x"
            style={
              {
                "color": "transparent",
              }
            }
            width={400}
          />
        </div>
        <div
          className="sc-fujznN GzaRJ"
        >
          <div
            className="sc-pNWRh dHWnCr"
          >
            <div
              className="sc-iCoHzw hivALq"
            >
              <p
                className="sc-bdnyFh iOsRes"
                color="white"
                fontSize="30px"
              >
                Ricardo is a and front-end developer
              </p>
            </div>
            <div>
              <p
                className="sc-bdnyFh hmhpbH"
                color="#ABB2BF"
                fontSize="16px"
              >
                He crafts responsive websites where technologies meet creativity
              </p>
            </div>
          </div>
          <div
            className="sc-jrsKJM hYoPOs"
          >
            <button
              background="transparent"
              border="1px solid #bb74ce"
              borderRadius="0px"
              className="sc-dlniIP eICYzr"
              color="white"
              fontSize="16px"
              padding="8px 16px"
              textDecoration="none"
            >
              Contact me!!
            </button>
          </div>
        </div>
      </div>
      <div>
        <div
          className="sc-kEqXeH icSOAh"
        >
          <p
            className="sc-bdnyFh iOtRRR"
            color="white"
            fontSize="24px"
          >
            “O importante é não parar de questionar; a curiosidade tem sua própria razão de existir” - Albert Einstein
          </p>
        </div>
      </div>
    </div>
  </div>
</div>
`;
