// Jest Snapshot v1, https://goo.gl/fbAQLP

exports[`Link renders correctly 1`] = `
<div
  className="sc-hKFymg fbGviZ"
>
  <div
    className="sc-dlniIP iETDvP"
  >
    <div
      className="sc-eCAqax iezzEG"
    >
      <div
        className="sc-jSFipO cXTnMP"
      >
        <div
          className="sc-gKAaef dvHEmT"
        >
          <img
            alt=""
            data-nimg="1"
            decoding="async"
            height={500}
            loading="lazy"
            onError={[Function]}
            onLoad={[Function]}
            sizes="100vw"
            src="/_next/image?url=%2Fimg%2FProfile.png&w=3840&q=75"
            srcSet="/_next/image?url=%2Fimg%2FProfile.png&w=640&q=75 640w, /_next/image?url=%2Fimg%2FProfile.png&w=750&q=75 750w, /_next/image?url=%2Fimg%2FProfile.png&w=828&q=75 828w, /_next/image?url=%2Fimg%2FProfile.png&w=1080&q=75 1080w, /_next/image?url=%2Fimg%2FProfile.png&w=1200&q=75 1200w, /_next/image?url=%2Fimg%2FProfile.png&w=1920&q=75 1920w, /_next/image?url=%2Fimg%2FProfile.png&w=2048&q=75 2048w, /_next/image?url=%2Fimg%2FProfile.png&w=3840&q=75 3840w"
            style={
              {
                "color": "transparent",
                "height": "auto",
                "width": "100%",
              }
            }
            width={400}
          />
        </div>
        <div
          className="sc-fujznN GzaRJ"
        >
          <div
            className="sc-pNWRh ebJcCP"
          >
            <div
              className="sc-iCoHzw hivALq"
            >
              <p
                className="sc-bdnyFh iOsRes"
                color="white"
                fontSize="30px"
              >
                Ricardo é desenvolvedor front-end
              </p>
            </div>
            <div>
              <p
                className="sc-bdnyFh hmhpbH"
                color="#ABB2BF"
                fontSize="16px"
              >
                Ele cria sites responsivos onde a tecnologia encontra a criatividade
              </p>
            </div>
          </div>
          <div
            className="sc-jrsKJM hYoPOs"
          >
            <button
              background="transparent"
              border="1px solid #bb74ce"
              borderRadius="0px"
              className="sc-gtsqUy CBQBJ"
              color="white"
              fontSize="16px"
              padding="8px 16px"
              textDecoration="none"
            >
              Contact me!!
            </button>
          </div>
        </div>
      </div>
      <div>
        <div
          className="sc-kEqXeH dLDsvD"
        >
          <p
            className="sc-bdnyFh iOtRRR"
            color="white"
            fontSize="24px"
          >
            “O importante é não parar de questionar; a curiosidade tem sua própria razão de existir” - Albert Einstein
          </p>
        </div>
      </div>
    </div>
  </div>
</div>
`;
