// Jest Snapshot v1, https://goo.gl/fbAQLP

exports[`Link renders correctly 1`] = `
<div
  className="sc-hKFymg fbGviZ"
>
  <div
    className="sc-dlniIP iETDvP"
  >
    <div
      className="sc-eCAqax NruM"
    >
      <div
        className="sc-gKAaef cFLQtP"
      >
        <p
          className="sc-bdnyFh iOsQJx"
          color="white"
          fontSize="20px"
        >
          Project
        </p>
        <p
          className="sc-bdnyFh iOusbc"
          color="white"
          fontSize="16px"
        >
          Look at some of my projects
        </p>
      </div>
      <div
        className="sc-iCoHzw eApTuQ"
      >
        <div
          className="sc-jSFipO iUydkh"
        >
          <a
            background="transparent"
            border="none"
            borderRadius="0px"
            className="sc-gtsqUy dSexmb"
            color="white"
            fontSize="16px"
            href="https://ricardosousabr.github.io/login-page-next/"
            padding="0px"
            textDecoration="none"
          >
            <div
              className="sc-fujznN gmeAfE"
            >
              <div
                className="sc-pNWRh kqFoPp"
              >
                <img
                  alt=""
                  data-nimg="1"
                  decoding="async"
                  height={300}
                  loading="lazy"
                  onError={[Function]}
                  onLoad={[Function]}
                  src="/_next/image?url=%2Fimg%2FProject-Login-Page-Mobile.png&w=640&q=75"
                  srcSet="/_next/image?url=%2Fimg%2FProject-Login-Page-Mobile.png&w=256&q=75 1x, /_next/image?url=%2Fimg%2FProject-Login-Page-Mobile.png&w=640&q=75 2x"
                  style={
                    {
                      "color": "transparent",
                    }
                  }
                  width={250}
                />
              </div>
              <div
                className="sc-jrsKJM cQLIgn"
              >
                <img
                  alt=""
                  data-nimg="1"
                  decoding="async"
                  height={250}
                  loading="lazy"
                  onError={[Function]}
                  onLoad={[Function]}
                  src="/_next/image?url=%2Fimg%2FProject-Login-Page-Desktop.png&w=750&q=75"
                  srcSet="/_next/image?url=%2Fimg%2FProject-Login-Page-Desktop.png&w=384&q=75 1x, /_next/image?url=%2Fimg%2FProject-Login-Page-Desktop.png&w=750&q=75 2x"
                  style={
                    {
                      "color": "transparent",
                    }
                  }
                  width={350}
                />
              </div>
            </div>
            <p
              className="sc-bdnyFh iOusbc"
              color="white"
              fontSize="16px"
            >
              Login page next
            </p>
          </a>
        </div>
        <div
          className="sc-jSFipO iUydkh"
        >
          <a
            background="transparent"
            border="none"
            borderRadius="0px"
            className="sc-gtsqUy dSexmb"
            color="white"
            fontSize="16px"
            href="https://ricardosousabr.github.io/login-page-next/"
            padding="0px"
            textDecoration="none"
          >
            <div
              className="sc-fujznN gmeAfE"
            >
              <div
                className="sc-pNWRh kqFoPp"
              >
                <img
                  alt=""
                  data-nimg="1"
                  decoding="async"
                  height={300}
                  loading="lazy"
                  onError={[Function]}
                  onLoad={[Function]}
                  src="/_next/image?url=%2Fimg%2FProject-Pokedex-Mobile.png&w=640&q=75"
                  srcSet="/_next/image?url=%2Fimg%2FProject-Pokedex-Mobile.png&w=256&q=75 1x, /_next/image?url=%2Fimg%2FProject-Pokedex-Mobile.png&w=640&q=75 2x"
                  style={
                    {
                      "color": "transparent",
                    }
                  }
                  width={250}
                />
              </div>
              <div
                className="sc-jrsKJM cQLIgn"
              >
                <img
                  alt=""
                  data-nimg="1"
                  decoding="async"
                  height={250}
                  loading="lazy"
                  onError={[Function]}
                  onLoad={[Function]}
                  src="/_next/image?url=%2Fimg%2FProject-Pokedex-Desktop.png&w=750&q=75"
                  srcSet="/_next/image?url=%2Fimg%2FProject-Pokedex-Desktop.png&w=384&q=75 1x, /_next/image?url=%2Fimg%2FProject-Pokedex-Desktop.png&w=750&q=75 2x"
                  style={
                    {
                      "color": "transparent",
                    }
                  }
                  width={350}
                />
              </div>
            </div>
            <p
              className="sc-bdnyFh iOusbc"
              color="white"
              fontSize="16px"
            >
              Pokedex
            </p>
          </a>
        </div>
        <div
          className="sc-jSFipO iUydkh"
        >
          <a
            background="transparent"
            border="none"
            borderRadius="0px"
            className="sc-gtsqUy dSexmb"
            color="white"
            fontSize="16px"
            href="https://ricardosousabr.github.io/login-page-next/"
            padding="0px"
            textDecoration="none"
          >
            <div
              className="sc-fujznN gmeAfE"
            >
              <div
                className="sc-pNWRh kqFoPp"
              >
                <img
                  alt=""
                  data-nimg="1"
                  decoding="async"
                  height={300}
                  loading="lazy"
                  onError={[Function]}
                  onLoad={[Function]}
                  src="/_next/image?url=%2Fimg%2FProject-Storybook-Mobile.png&w=640&q=75"
                  srcSet="/_next/image?url=%2Fimg%2FProject-Storybook-Mobile.png&w=256&q=75 1x, /_next/image?url=%2Fimg%2FProject-Storybook-Mobile.png&w=640&q=75 2x"
                  style={
                    {
                      "color": "transparent",
                    }
                  }
                  width={250}
                />
              </div>
              <div
                className="sc-jrsKJM cQLIgn"
              >
                <img
                  alt=""
                  data-nimg="1"
                  decoding="async"
                  height={250}
                  loading="lazy"
                  onError={[Function]}
                  onLoad={[Function]}
                  src="/_next/image?url=%2Fimg%2FProject-Storybook-Desktop.png&w=750&q=75"
                  srcSet="/_next/image?url=%2Fimg%2FProject-Storybook-Desktop.png&w=384&q=75 1x, /_next/image?url=%2Fimg%2FProject-Storybook-Desktop.png&w=750&q=75 2x"
                  style={
                    {
                      "color": "transparent",
                    }
                  }
                  width={350}
                />
              </div>
            </div>
            <p
              className="sc-bdnyFh iOusbc"
              color="white"
              fontSize="16px"
            >
              Storybook
            </p>
          </a>
        </div>
      </div>
    </div>
  </div>
</div>
`;
