// Jest Snapshot v1, https://goo.gl/fbAQLP

exports[`Link renders correctly 1`] = `
<div
  className="sc-hKFymg fbGviZ"
>
  <div
    className="sc-dlniIP iETDvP"
  >
    <div
      className="sc-eCAqax NruM"
    >
      <div
        className="sc-jSFipO hYfplc"
      >
        <div
          className="sc-gKAaef hmQmIQ"
        >
          <p
            className="sc-bdnyFh iOsQJx"
            color="white"
            fontSize="20px"
          >
            Projetos
          </p>
        </div>
        <div>
          <p
            className="sc-bdnyFh iOusbc"
            color="white"
            fontSize="16px"
          >
            Veja alguns dos meus projetos
          </p>
        </div>
      </div>
      <div
        className="sc-iCoHzw dKYRwG"
      >
        <a
          background="transparent"
          border="1px solid #ABB2BF"
          borderRadius="0px"
          className="sc-gtsqUy cUqwaa"
          color="white"
          fontSize="16px"
          href="https://ricardosousabr.github.io/login-page-next/"
          margin="20px"
          padding="0px"
          textDecoration="none"
        >
          <div
            className="sc-fujznN jmLYKw"
          >
            <div
              className="sc-pNWRh glcnWK"
            >
              <img
                alt=""
                data-nimg="1"
                decoding="async"
                height={300}
                loading="lazy"
                onError={[Function]}
                onLoad={[Function]}
                src="/_next/image?url=%2Fimg%2FProject-Login-Page-Mobile.png&w=640&q=75"
                srcSet="/_next/image?url=%2Fimg%2FProject-Login-Page-Mobile.png&w=256&q=75 1x, /_next/image?url=%2Fimg%2FProject-Login-Page-Mobile.png&w=640&q=75 2x"
                style={
                  {
                    "color": "transparent",
                  }
                }
                width={250}
              />
            </div>
            <div
              className="sc-jrsKJM ecFSxm"
            >
              <img
                alt=""
                data-nimg="1"
                decoding="async"
                height={250}
                loading="lazy"
                onError={[Function]}
                onLoad={[Function]}
                src="/_next/image?url=%2Fimg%2FProject-Login-Page-Desktop.png&w=750&q=75"
                srcSet="/_next/image?url=%2Fimg%2FProject-Login-Page-Desktop.png&w=384&q=75 1x, /_next/image?url=%2Fimg%2FProject-Login-Page-Desktop.png&w=750&q=75 2x"
                style={
                  {
                    "color": "transparent",
                  }
                }
                width={350}
              />
            </div>
          </div>
          <div
            className="sc-kEqXeH iizBvI"
          >
            <div
              className="sc-iqAbyq ivqyFl"
            >
              <p
                className="sc-bdnyFh hmhpbH"
                color="#ABB2BF"
                fontSize="16px"
              >
                JavaScript
              </p>
            </div>
            <div
              className="sc-iqAbyq ivqyFl"
            >
              <p
                className="sc-bdnyFh hmhpbH"
                color="#ABB2BF"
                fontSize="16px"
              >
                Next
              </p>
            </div>
            <div
              className="sc-iqAbyq ivqyFl"
            >
              <p
                className="sc-bdnyFh hmhpbH"
                color="#ABB2BF"
                fontSize="16px"
              >
                Styled-components
              </p>
            </div>
            <div
              className="sc-iqAbyq ivqyFl"
            >
              <p
                className="sc-bdnyFh hmhpbH"
                color="#ABB2BF"
                fontSize="16px"
              >
                Jest
              </p>
            </div>
          </div>
          <div
            className="sc-crzpnZ jAGhED"
          >
            <p
              className="sc-bdnyFh iOusbc"
              color="white"
              fontSize="16px"
            >
              Login page next
            </p>
          </div>
        </a>
        <a
          background="transparent"
          border="1px solid #ABB2BF"
          borderRadius="0px"
          className="sc-gtsqUy cUqwaa"
          color="white"
          fontSize="16px"
          href="https://ricardosousabr.github.io/pokedex-react/"
          margin="20px"
          padding="0px"
          textDecoration="none"
        >
          <div
            className="sc-fujznN jmLYKw"
          >
            <div
              className="sc-pNWRh glcnWK"
            >
              <img
                alt=""
                data-nimg="1"
                decoding="async"
                height={300}
                loading="lazy"
                onError={[Function]}
                onLoad={[Function]}
                src="/_next/image?url=%2Fimg%2FProject-Pokedex-Mobile.png&w=640&q=75"
                srcSet="/_next/image?url=%2Fimg%2FProject-Pokedex-Mobile.png&w=256&q=75 1x, /_next/image?url=%2Fimg%2FProject-Pokedex-Mobile.png&w=640&q=75 2x"
                style={
                  {
                    "color": "transparent",
                  }
                }
                width={250}
              />
            </div>
            <div
              className="sc-jrsKJM ecFSxm"
            >
              <img
                alt=""
                data-nimg="1"
                decoding="async"
                height={250}
                loading="lazy"
                onError={[Function]}
                onLoad={[Function]}
                src="/_next/image?url=%2Fimg%2FProject-Pokedex-Desktop.png&w=750&q=75"
                srcSet="/_next/image?url=%2Fimg%2FProject-Pokedex-Desktop.png&w=384&q=75 1x, /_next/image?url=%2Fimg%2FProject-Pokedex-Desktop.png&w=750&q=75 2x"
                style={
                  {
                    "color": "transparent",
                  }
                }
                width={350}
              />
            </div>
          </div>
          <div
            className="sc-kEqXeH iizBvI"
          >
            <div
              className="sc-iqAbyq ivqyFl"
            >
              <p
                className="sc-bdnyFh hmhpbH"
                color="#ABB2BF"
                fontSize="16px"
              >
                JavaScript
              </p>
            </div>
            <div
              className="sc-iqAbyq ivqyFl"
            >
              <p
                className="sc-bdnyFh hmhpbH"
                color="#ABB2BF"
                fontSize="16px"
              >
                Next
              </p>
            </div>
            <div
              className="sc-iqAbyq ivqyFl"
            >
              <p
                className="sc-bdnyFh hmhpbH"
                color="#ABB2BF"
                fontSize="16px"
              >
                Styled-components
              </p>
            </div>
            <div
              className="sc-iqAbyq ivqyFl"
            >
              <p
                className="sc-bdnyFh hmhpbH"
                color="#ABB2BF"
                fontSize="16px"
              >
                Jest
              </p>
            </div>
          </div>
          <div
            className="sc-crzpnZ jAGhED"
          >
            <p
              className="sc-bdnyFh iOusbc"
              color="white"
              fontSize="16px"
            >
              Pokedex
            </p>
          </div>
        </a>
        <a
          background="transparent"
          border="1px solid #ABB2BF"
          borderRadius="0px"
          className="sc-gtsqUy cUqwaa"
          color="white"
          fontSize="16px"
          href="https://github.com/ricardosousabr/next-storybook"
          margin="20px"
          padding="0px"
          textDecoration="none"
        >
          <div
            className="sc-fujznN jmLYKw"
          >
            <div
              className="sc-pNWRh glcnWK"
            >
              <img
                alt=""
                data-nimg="1"
                decoding="async"
                height={300}
                loading="lazy"
                onError={[Function]}
                onLoad={[Function]}
                src="/_next/image?url=%2Fimg%2FProject-Storybook-Mobile.png&w=640&q=75"
                srcSet="/_next/image?url=%2Fimg%2FProject-Storybook-Mobile.png&w=256&q=75 1x, /_next/image?url=%2Fimg%2FProject-Storybook-Mobile.png&w=640&q=75 2x"
                style={
                  {
                    "color": "transparent",
                  }
                }
                width={250}
              />
            </div>
            <div
              className="sc-jrsKJM ecFSxm"
            >
              <img
                alt=""
                data-nimg="1"
                decoding="async"
                height={250}
                loading="lazy"
                onError={[Function]}
                onLoad={[Function]}
                src="/_next/image?url=%2Fimg%2FProject-Storybook-Desktop.png&w=750&q=75"
                srcSet="/_next/image?url=%2Fimg%2FProject-Storybook-Desktop.png&w=384&q=75 1x, /_next/image?url=%2Fimg%2FProject-Storybook-Desktop.png&w=750&q=75 2x"
                style={
                  {
                    "color": "transparent",
                  }
                }
                width={350}
              />
            </div>
          </div>
          <div
            className="sc-kEqXeH iizBvI"
          >
            <div
              className="sc-iqAbyq ivqyFl"
            >
              <p
                className="sc-bdnyFh hmhpbH"
                color="#ABB2BF"
                fontSize="16px"
              >
                Storybook
              </p>
            </div>
            <div
              className="sc-iqAbyq ivqyFl"
            >
              <p
                className="sc-bdnyFh hmhpbH"
                color="#ABB2BF"
                fontSize="16px"
              >
                Next
              </p>
            </div>
          </div>
          <div
            className="sc-crzpnZ jAGhED"
          >
            <p
              className="sc-bdnyFh iOusbc"
              color="white"
              fontSize="16px"
            >
              Storybook
            </p>
          </div>
        </a>
      </div>
    </div>
  </div>
</div>
`;
