// Jest Snapshot v1, https://goo.gl/fbAQLP

exports[`Link renders correctly 1`] = `
<div
  className="sc-dlniIP idUGxZ"
>
  <div
    className="sc-gtsqUy iTcSzc"
  >
    <div
      className="sc-hKFymg dnRInV"
    >
      <div
        className="sc-eCAqax jSQlhA"
      >
        <div
          className="sc-jSFipO fZSsDA"
        >
          <p
            className="sc-bdnyFh iOsQJx"
            color="white"
            fontSize="20px"
          >
            Education
          </p>
        </div>
        <div>
          <p
            className="sc-bdnyFh iOusbc"
            color="white"
            fontSize="16px"
          >
            These are my qualifications
          </p>
        </div>
      </div>
      <div
        className="sc-gKAaef kMCKxX"
      >
        <p
          className="sc-bdnyFh jKeQRk"
          color="#66BEF5"
          fontSize="16px"
        >
          Uninassau
        </p>
        <p
          className="sc-bdnyFh iOusbc"
          color="white"
          fontSize="16px"
        >
          Analise e desenvolvimento de sistemas
        </p>
        <p
          className="sc-bdnyFh iOusbc"
          color="white"
          fontSize="16px"
        >
          State: Cursando
        </p>
      </div>
    </div>
  </div>
</div>
`;
